// Jest Snapshot v1, https://goo.gl/fbAQLP

exports[`renders correctly 1`] = `
<div
  className="es-select ant-select ant-select-enabled"
  onBlur={[Function]}
  onClick={[Function]}
  onFocus={[Function]}
  onMouseDown={[Function]}
  onMouseOut={[Function]}
  onMouseUp={[Function]}
  onTouchStart={[Function]}
  style={
    Object {
      "width": 200,
    }
  }
>
  <div
    aria-autocomplete="list"
    aria-controls="test-uuid"
    aria-expanded={false}
    aria-haspopup="true"
    className="ant-select-selection
            ant-select-selection--single"
    onKeyDown={[Function]}
    role="combobox"
    tabIndex={0}
  >
    <div
      className="ant-select-selection__rendered"
    >
      <div
        className="ant-select-selection__placeholder"
        onClick={[Function]}
        onMouseDown={[Function]}
        style={
          Object {
            "WebkitUserSelect": "none",
            "display": "block",
            "userSelect": "none",
          }
        }
        unselectable="on"
      >
        Select a person
      </div>
    </div>
    <span
      className="ant-select-arrow"
      onClick={[Function]}
      style={
        Object {
          "WebkitUserSelect": "none",
          "userSelect": "none",
        }
      }
      unselectable="on"
    >
      <i
        className="anticon es-eva-icon ant-select-arrow-icon es-eva-icon--medium"
      >
        <i
          data-eva="chevron-down-outline"
          data-eva-fill="#fff"
          data-eva-height="18px"
          data-eva-width="18px"
        />
      </i>
    </span>
  </div>
</div>
`;
