// Jest Snapshot v1, https://goo.gl/fbAQLP

exports[`renders correctly 1`] = `
<div
  className="ant-skeleton es-skeleton"
>
  <div
    className="ant-skeleton-content"
  >
    <h3
      className="ant-skeleton-title"
      style={
        Object {
          "width": "38%",
        }
      }
    />
    <ul
      className="ant-skeleton-paragraph"
    >
      <li
        style={
          Object {
            "width": undefined,
          }
        }
      />
      <li
        style={
          Object {
            "width": undefined,
          }
        }
      />
      <li
        style={
          Object {
            "width": "61%",
          }
        }
      />
    </ul>
  </div>
</div>
`;
