// Jest Snapshot v1, https://goo.gl/fbAQLP

exports[`renders correctly 1`] = `
<div
  className="es-stopwatch es-stopwatch--stopped"
>
  <i
    className="anticon es-eva-icon es-eva-icon--medium"
  >
    <i
      data-eva="pause-circle-outline"
      data-eva-fill="#fff"
      data-eva-height="18px"
      data-eva-width="18px"
    />
  </i>
  <span>
    00:00:00
  </span>
</div>
`;
