// Jest Snapshot v1, https://goo.gl/fbAQLP

exports[`renders correctly 1`] = `
<div
  className="ant-radio-group ant-radio-group-outline es-radio-group"
>
  <h1>
    ESRadio
  </h1>
</div>
`;
