// Jest Snapshot v1, https://goo.gl/fbAQLP

exports[`renders correctly 1`] = `
<label
  className="es-radio-button ant-radio-button-wrapper"
>
  <span
    className="ant-radio-button"
    style={Object {}}
  >
    <input
      checked={false}
      className="ant-radio-button-input"
      onBlur={[Function]}
      onChange={[Function]}
      onFocus={[Function]}
      type="radio"
    />
    <span
      className="ant-radio-button-inner"
    />
  </span>
  <span>
    <h1>
      ESRadio
    </h1>
  </span>
</label>
`;
