// Jest Snapshot v1, https://goo.gl/fbAQLP

exports[`renders correctly 1`] = `
<div
  className="sc-EHOje hFFNvO"
  display="flex"
>
  <div
    className="sc-EHOje iMikaY"
  >
    Content
  </div>
</div>
`;
