// Jest Snapshot v1, https://goo.gl/fbAQLP

exports[`renders correctly 1`] = `
<div
  className="es-typography"
  data-testid="es-typography"
>
  ESTypography
</div>
`;
