// Jest Snapshot v1, https://goo.gl/fbAQLP

exports[`renders correctly 1`] = `
<div
  className="es-text-editor"
  style={
    Object {
      "height": 356,
    }
  }
>
  <div
    className="ant-spin-nested-loading"
  >
    <div>
      <div
        className="ant-spin ant-spin-spinning es-spin es-spin__dark"
        style={Object {}}
      >
        <span
          className="ant-spin-dot ant-spin-dot-spin"
        >
          <i
            className="ant-spin-dot-item"
          />
          <i
            className="ant-spin-dot-item"
          />
          <i
            className="ant-spin-dot-item"
          />
          <i
            className="ant-spin-dot-item"
          />
        </span>
      </div>
    </div>
    <div
      className="ant-spin-container ant-spin-blur"
    >
      <div
        contentEditable="true"
      />
    </div>
  </div>
</div>
`;
