// Jest Snapshot v1, https://goo.gl/fbAQLP

exports[`renders correctly 1`] = `
<div
  className="es-divider ant-divider ant-divider-horizontal"
  role="separator"
/>
`;
