// Jest Snapshot v1, https://goo.gl/fbAQLP

exports[`renders correctly 1`] = `
<div
  className="es-password-recovery-template es-password-recovery-template--with-brand-header es-password-recovery-template--full-height"
>
  <div
    className="es-brand-header"
  >
    <img
      alt="Sanar Logo in brand header."
      src="{}"
    />
  </div>
  <div
    className="es-password-recovery-template__container-content"
  >
    <div
      className="es-password-recovery-template__container-content__content"
    >
      <div
        className="es-password-recovery-template__container-content__content__infos"
      >
        <img
          className="hide"
        />
        <div
          className="es-typography es-password-recovery-template__container-content__content__infos--title mb-md es-typography__heading es-typography__heading--h4"
          data-testid="es-typography"
        />
        <div
          className="es-typography es-password-recovery-template__container-content__content__infos--subtitle es-typography--subtitle2"
          data-testid="es-typography"
        />
      </div>
      <div
        className="es-password-recovery-template__container-content__content__actions"
      />
    </div>
  </div>
  <div
    className="es-password-recovery-template__footer"
  >
    <img
      alt="sanar-logo"
      src={
        Object {
          "process": [Function],
        }
      }
    />
  </div>
</div>
`;
