// Jest Snapshot v1, https://goo.gl/fbAQLP

exports[`renders correctly 1`] = `
<div
  className="ant-card es-card es-question-list ant-card-bordered ant-card-small"
>
  <div
    className="ant-card-body"
    style={Object {}}
  >
    <h1>
      ESQuestionList
    </h1>
  </div>
</div>
`;
