// Jest Snapshot v1, https://goo.gl/fbAQLP

exports[`renders correctly 1`] = `
<div
  className="es-brand-header"
>
  <img
    alt="Sanar Logo in brand header."
    src="{}"
  />
</div>
`;
